[INFO] Scanning for projects...
[INFO] 
[INFO] ----------------< com.quantbackengine:QuantBackEngine >-----------------
[INFO] Building QuantBackEngine 1.0-SNAPSHOT
[INFO] --------------------------------[ jar ]---------------------------------
[INFO] 
[INFO] --- maven-clean-plugin:2.5:clean (default-clean) @ QuantBackEngine ---
[INFO] Deleting D:\aff\evi\QuantBackEngine\target
[INFO] 
[INFO] --- maven-resources-plugin:2.6:resources (default-resources) @ QuantBackEngine ---
[WARNING] Using platform encoding (UTF-8 actually) to copy filtered resources, i.e. build is platform dependent!
[INFO] Copying 1 resource
[INFO] 
[INFO] --- maven-compiler-plugin:3.1:compile (default-compile) @ QuantBackEngine ---
[INFO] Changes detected - recompiling the module!
[WARNING] File encoding has not been set, using platform encoding UTF-8, i.e. build is platform dependent!
[INFO] Compiling 10 source files to D:\aff\evi\QuantBackEngine\target\classes
[INFO] -------------------------------------------------------------
[WARNING] COMPILATION WARNING : 
[INFO] -------------------------------------------------------------
[WARNING] /D:/aff/evi/QuantBackEngine/src/main/java/com/quantbackengine/quantbackengine/data/CsvDataProvider.java: D:\aff\evi\QuantBackEngine\src\main\java\com\quantbackengine\quantbackengine\data\CsvDataProvider.java uses or overrides a deprecated API.
[WARNING] /D:/aff/evi/QuantBackEngine/src/main/java/com/quantbackengine/quantbackengine/data/CsvDataProvider.java: Recompile with -Xlint:deprecation for details.
[INFO] 2 warnings 
[INFO] -------------------------------------------------------------
[INFO] -------------------------------------------------------------
[ERROR] COMPILATION ERROR : 
[INFO] -------------------------------------------------------------
[ERROR] /D:/aff/evi/QuantBackEngine/src/main/java/com/quantbackengine/quantbackengine/backtest/Backtester.java:[51,9] cannot find symbol
  symbol:   class TimeSeriesManager
  location: class com.quantbackengine.quantbackengine.backtest.Backtester
[ERROR] /D:/aff/evi/QuantBackEngine/src/main/java/com/quantbackengine/quantbackengine/backtest/Backtester.java:[51,47] cannot find symbol
  symbol:   class TimeSeriesManager
  location: class com.quantbackengine.quantbackengine.backtest.Backtester
[ERROR] /D:/aff/evi/QuantBackEngine/src/main/java/com/quantbackengine/quantbackengine/backtest/Backtester.java:[52,61] package Order does not exist
[ERROR] /D:/aff/evi/QuantBackEngine/src/main/java/com/quantbackengine/quantbackengine/backtest/Backtester.java:[87,70] cannot find symbol
  symbol:   method getDateTime()
  location: class org.ta4j.core.Trade
[ERROR] /D:/aff/evi/QuantBackEngine/src/main/java/com/quantbackengine/quantbackengine/backtest/Backtester.java:[89,47] cannot find symbol
  symbol:   method getDateTime()
  location: class org.ta4j.core.Trade
[ERROR] /D:/aff/evi/QuantBackEngine/src/main/java/com/quantbackengine/quantbackengine/Main.java:[30,36] constructor MovingAverageCrossoverStrategy in class com.quantbackengine.quantbackengine.strategy.MovingAverageCrossoverStrategy cannot be applied to given types;
  required: no arguments
  found:    int,int
  reason: actual and formal argument lists differ in length
[INFO] 6 errors 
[INFO] -------------------------------------------------------------
[INFO] ------------------------------------------------------------------------
[INFO] BUILD FAILURE
[INFO] ------------------------------------------------------------------------
[INFO] Total time:  2.959 s
[INFO] Finished at: 2025-12-26T15:05:33-05:00
[INFO] ------------------------------------------------------------------------
[ERROR] Failed to execute goal org.apache.maven.plugins:maven-compiler-plugin:3.1:compile (default-compile) on project QuantBackEngine: Compilation failure: Compilation failure: 
[ERROR] /D:/aff/evi/QuantBackEngine/src/main/java/com/quantbackengine/quantbackengine/backtest/Backtester.java:[51,9] cannot find symbol
[ERROR]   symbol:   class TimeSeriesManager
[ERROR]   location: class com.quantbackengine.quantbackengine.backtest.Backtester
[ERROR] /D:/aff/evi/QuantBackEngine/src/main/java/com/quantbackengine/quantbackengine/backtest/Backtester.java:[51,47] cannot find symbol
[ERROR]   symbol:   class TimeSeriesManager
[ERROR]   location: class com.quantbackengine.quantbackengine.backtest.Backtester
[ERROR] /D:/aff/evi/QuantBackEngine/src/main/java/com/quantbackengine/quantbackengine/backtest/Backtester.java:[52,61] package Order does not exist
[ERROR] /D:/aff/evi/QuantBackEngine/src/main/java/com/quantbackengine/quantbackengine/backtest/Backtester.java:[87,70] cannot find symbol
[ERROR]   symbol:   method getDateTime()
[ERROR]   location: class org.ta4j.core.Trade
[ERROR] /D:/aff/evi/QuantBackEngine/src/main/java/com/quantbackengine/quantbackengine/backtest/Backtester.java:[89,47] cannot find symbol
[ERROR]   symbol:   method getDateTime()
[ERROR]   location: class org.ta4j.core.Trade
[ERROR] /D:/aff/evi/QuantBackEngine/src/main/java/com/quantbackengine/quantbackengine/Main.java:[30,36] constructor MovingAverageCrossoverStrategy in class com.quantbackengine.quantbackengine.strategy.MovingAverageCrossoverStrategy cannot be applied to given types;
[ERROR]   required: no arguments
[ERROR]   found:    int,int
[ERROR]   reason: actual and formal argument lists differ in length
[ERROR] -> [Help 1]
[ERROR] 
[ERROR] To see the full stack trace of the errors, re-run Maven with the -e switch.
[ERROR] Re-run Maven using the -X switch to enable full debug logging.
[ERROR] 
[ERROR] For more information about the errors and possible solutions, please read the following articles:
[ERROR] [Help 1] http://cwiki.apache.org/confluence/display/MAVEN/MojoFailureException
